python : Both GOOGLE_AP
I_KEY and GEMINI_API_KE
Y are set. Using GOOGLE
_API_KEY.
위치 줄:1 문자:1
+ python backend/test_r
efiner_single.py > test
_log.txt 2>&1
+ ~~~~~~~~~~~~~~~~~~~~~
~~~~~~~~~~~~~~~~~~~~~~~
~~~~~~~~~~~~~
    + CategoryInfo     
         : NotSpecifi  
  ed: (Both GOOGLE_A   
 PI...GOOGLE_API_KE    
Y.:String) [], Rem    o
teException
    + FullyQualifiedEr 
   rorId : NativeComm  
  andError
 
INFO:httpx:HTTP Request
: GET https://jrqtkenqm
zpoieyusyqh.supabase.co
/rest/v1/golden_set_lib
rary?select=id "HTTP/2 
200 OK"
INFO:httpx:HTTP Request
: GET https://jrqtkenqm
zpoieyusyqh.supabase.co
/rest/v1/golden_set_lib
rary?select=id%2Cproces
sing_error%2Cai_refined
&limit=10 "HTTP/2 200 O
K"
INFO:httpx:HTTP Request
: GET https://jrqtkenqm
zpoieyusyqh.supabase.co
/rest/v1/golden_set_lib
rary?select=%2A&process
ing_error=not.is.null&l
imit=1 "HTTP/2 200 OK"
DEBUG: Loading env from C:\Users\유범석\개발소스코드\26_01\ADC플랫폼_최종\backend\.env
DEBUG: SUPABASE_URL=https://jrqtkenqmzpoieyusyqh.supabase.co
DEBUG: OPENAI_API_KEY=exists

=== [1] Clinical Trials Refiner Test (AIRefiner) ===
Total records in golden_set_library: 297
Sample Records: [{'id': 'ba5fb99d-616b-4b3e-8e34-db4d52530831', 'processing_error': 'LLM analysis failed', 'ai_refined': True}, {'id': 'bb2fac73-c750-4ae1-81bc-39e7312447a0', 'processing_error': 'LLM analysis failed', 'ai_refined': True}, {'id': 'cce39e26-04fe-44aa-842a-5caef015d692', 'processing_error': 'LLM analysis failed', 'ai_refined': True}, {'id': 'f6105836-18d1-4e70-991c-dda0ecfee61f', 'processing_error': 'LLM analysis failed', 'ai_refined': True}, {'id': '1cc7f378-c5b6-45d8-ad53-5068a2b89060', 'processing_error': 'LLM analysis failed', 'ai_refined': True}, {'id': 'f34f9345-4cd3-4082-989f-b566ab9d72b6', 'processing_error': 'LLM analysis failed', 'ai_refined': True}, {'id': '65c713e3-5259-45cc-9db9-c5139d47ff8c', 'processing_error': 'LLM analysis failed', 'ai_refined': True}, {'id': 'fedf5abe-009d-41c6-8312-ce034d3561f0', 'processing_error': 'LLM analysis failed', 'ai_refined': True}, {'id': '3e72866d-2087-41d6-8264-7b94cc9660cc', 'processing_error': 'LLM analysis failed', 'ai_refined': True}, {'id': 'a728728f-2a85-48bc-91a3-7bb2bf6af704', 'processing_error': 'LLM analysis failed', 'ai_refined': True}]
Target Record ID: ba5fb99d-616b-4b3e-8e34-db4d52530831
Target Name: A Phase 1, First in Human, Dose-Escalation Study of TORL-3-600 in Participants With Advanced Cancer

--- LLM Requesting... ---
Traceback (most recent 
call last):
  File "C:\Users\유범석\개발
소스코드\26_01\ADC플랫폼_최종\ba
ckend\test_refiner_sing
le.py", line 88, in tes
t_clinical_refiner_sing
le
    response = await ch
ain.ainvoke({})
               ^^^^^^^^
^^^^^^^^^^^^^^^
  File "C:\Python313\Li
b\site-packages\langcha
in_core\runnables\base.
py", line 3191, in ainv
oke
    input_ = await coro
_with_context(part(), c
ontext, create_task=Tru
e)
             ^^^^^^^^^^
^^^^^^^^^^^^^^^^^^^^^^^
^^^^^^^^^^^^^^^^^^^^^^^
^^
  File "C:\Python313\Li
b\site-packages\langcha
in_core\prompts\base.py
", line 243, in ainvoke
    return await self._
acall_with_config(
           ^^^^^^^^^^^^
^^^^^^^^^^^^^^^^^^
    ...<5 lines>...
    )
    ^
  File "C:\Python313\Li
b\site-packages\langcha
in_core\runnables\base.
py", line 2109, in _aca
ll_with_config
    output: Output = aw
ait coro_with_context(c
oro, context)
                     ^^
^^^^^^^^^^^^^^^^^^^^^^^
^^^^^^^^^^^^^
  File "C:\Python313\Li
b\site-packages\langcha
in_core\prompts\base.py
", line 196, in _aforma
t_prompt_with_error_han
dling
    inner_input_ = self
._validate_input(inner_
input)
  File "C:\Python313\Li
b\site-packages\langcha
in_core\prompts\base.py
", line 184, in _valida
te_input
    raise KeyError(
        create_message(
message=msg, error_code
=ErrorCode.INVALID_PROM
PT_INPUT)
    )
KeyError: 'Input to Cha
tPromptTemplate is miss
ing variables {\'\\n   
 "drug_name"\'}.  Expec
ted: [\'\\n    "drug_na
me"\'] Received: []\nNo
te: if you intended {\n
    "drug_name"} to be 
part of the string and 
not a variable, please 
escape it with double c
urly braces like: \'{{\
n    "drug_name"}}\'.\n
For troubleshooting, vi
sit: https://docs.langc
hain.com/oss/python/lan
gchain/errors/INVALID_P
ROMPT_INPUT '

During handling of the 
above exception, anothe
r exception occurred:

Traceback (most recent 
call last):
  File "C:\Users\유범석\개발
소스코드\26_01\ADC플랫폼_최종\ba
ckend\test_refiner_sing
le.py", line 148, in <m
odule>
    asyncio.run(test_cl
inical_refiner_single()
)
    ~~~~~~~~~~~^^^^^^^^
^^^^^^^^^^^^^^^^^^^^^^^
^
  File "C:\Python313\Li
b\asyncio\runners.py", 
line 195, in run
    return runner.run(m
ain)
           ~~~~~~~~~~^^
^^^^
  File "C:\Python313\Li
b\asyncio\runners.py", 
line 118, in run
    return self._loop.r
un_until_complete(task)
           ~~~~~~~~~~~~
~~~~~~~~~~~~~~~~~^^^^^^
  File "C:\Python313\Li
b\asyncio\base_events.p
y", line 725, in run_un
til_complete
    return future.resul
t()
           ~~~~~~~~~~~~
~^^
  File "C:\Users\유범석\개발
소스코드\26_01\ADC플랫폼_최종\ba
ckend\test_refiner_sing
le.py", line 110, in te
st_clinical_refiner_sin
gle
    print(f"\u274c Test
 Error: {e}")
    ~~~~~^^^^^^^^^^^^^^
^^^^^^^^^
UnicodeEncodeError: 'cp
949' codec can't encode
 character '\u274c' in 
position 0: illegal mul
tibyte sequence
